[2025-06-25 10:03:44,554][root][INFO] - 

[2025-06-25 10:03:44,555][root][INFO] - ######################################################################################################################################################
[2025-06-25 10:03:44,555][root][INFO] - ####                                                                                                                                              ####
[2025-06-25 10:03:44,555][root][INFO] -                                   Processing file: config_incube_electricity/config_used/itransformer_incube_1.yaml                                   
[2025-06-25 10:03:44,555][root][INFO] - ####                                                                                                                                              ####
[2025-06-25 10:03:44,555][root][INFO] - ######################################################################################################################################################
[2025-06-25 10:03:44,575][root][INFO] - 

[2025-06-25 10:03:44,575][root][INFO] - ######################################################################################################################################################
[2025-06-25 10:03:44,575][root][INFO] -                                                            PROCESSING itransformer_incube_1                                                           
[2025-06-25 10:03:44,575][root][INFO] - ######################################################################################################################################################
[2025-06-25 10:03:44,871][root][INFO] - 

[2025-06-25 10:03:44,871][root][INFO] - ######################################################################################################################################################
[2025-06-25 10:03:44,871][root][INFO] -                                                        I will drop duplicates, I dont like them                                                       
[2025-06-25 10:03:44,871][root][INFO] - ######################################################################################################################################################
[2025-06-25 10:03:44,873][root][INFO] -                I will update past column adding all target columns, if you want to avoid this beahviour please use check_pass as false                
[2025-06-25 10:03:44,875][root][INFO] - 

[2025-06-25 10:03:44,875][root][INFO] - ######################################################################################################################################################
[2025-06-25 10:03:44,875][root][INFO] - #######################################                                                                        #######################################
[2025-06-25 10:03:44,875][root][INFO] -                                                                      itransformer                                                                     
[2025-06-25 10:03:44,876][root][INFO] - #######################################                                                                        #######################################
[2025-06-25 10:03:44,876][root][INFO] - ######################################################################################################################################################
[2025-06-25 10:03:44,876][root][INFO] -         Model and weights will be placed and read from /home/davide/Documents/WORKSPACE/ExpTS/incube_electricity/weights/itransformer/incube/1        
[2025-06-25 10:03:44,877][root][INFO] - 

[2025-06-25 10:03:44,877][root][INFO] - ######################################################################################################################################################
[2025-06-25 10:03:44,877][root][INFO] - #########################################                                                                    #########################################
[2025-06-25 10:03:44,877][root][INFO] -                                                                        Loading                                                                        
[2025-06-25 10:03:44,877][root][INFO] - #########################################                                                                    #########################################
[2025-06-25 10:03:44,877][root][INFO] - ######################################################################################################################################################
[2025-06-25 10:03:44,881][root][INFO] -      Can   handle multivariate output 
Can NOT  handle future covariates
Can   handle categorical covariates
Can   handle Quantile loss function      
[2025-06-25 10:03:44,938][root][INFO] -      Can   handle multivariate output 
Can NOT  handle future covariates
Can   handle categorical covariates
Can   handle Quantile loss function      
[2025-06-25 10:03:44,950][root][INFO] - 

[2025-06-25 10:03:44,950][root][INFO] - ######################################################################################################################################################
[2025-06-25 10:03:44,950][root][INFO] - ################################                                                                                      ################################
[2025-06-25 10:03:44,950][root][INFO] -                                                               Model successfully loaded                                                               
[2025-06-25 10:03:44,950][root][INFO] - ################################                                                                                      ################################
[2025-06-25 10:03:44,950][root][INFO] - ######################################################################################################################################################
[2025-06-25 10:03:44,950][root][INFO] - 

[2025-06-25 10:03:44,951][root][INFO] - ######################################################################################################################################################
[2025-06-25 10:03:44,951][root][INFO] - ######################                                                                                                          ######################
[2025-06-25 10:03:44,951][root][INFO] -                                                     Inference on a set (train, validation o test)                                                     
[2025-06-25 10:03:44,951][root][INFO] - ######################                                                                                                          ######################
[2025-06-25 10:03:44,951][root][INFO] - ######################################################################################################################################################
[2025-06-25 10:03:44,951][root][INFO] - 

[2025-06-25 10:03:44,951][root][INFO] - ######################################################################################################################################################
[2025-06-25 10:03:44,951][root][INFO] - splitting using train parameters {'perc_train': 0.7, 'perc_valid': 0.1, 'range_train': None, 'range_validation': None, 'range_test': None, 'shift': 0, 'starting_point': None, 'skip_step': 1, 'past_steps': 90, 'future_steps': 24, 'scaler': 'MinMaxScaler()'}
[2025-06-25 10:03:44,951][root][INFO] - ######################################################################################################################################################
[2025-06-25 10:03:44,951][root][INFO] - 

[2025-06-25 10:03:44,951][root][INFO] - ######################################################################################################################################################
[2025-06-25 10:03:44,951][root][INFO] - ###################################                                                                                ###################################
[2025-06-25 10:03:44,951][root][INFO] -                                                                  Splitting for train                                                                  
[2025-06-25 10:03:44,952][root][INFO] - ###################################                                                                                ###################################
[2025-06-25 10:03:44,952][root][INFO] - ######################################################################################################################################################
[2025-06-25 10:03:44,952][root][INFO] - 

[2025-06-25 10:03:44,952][root][INFO] - ######################################################################################################################################################
[2025-06-25 10:03:44,952][root][INFO] -                                               Split temporally using perc_train: 0.7 and perc_valid:0.1                                               
[2025-06-25 10:03:44,952][root][INFO] - ######################################################################################################################################################
[2025-06-25 10:03:44,952][root][INFO] - 

[2025-06-25 10:03:44,952][root][INFO] - ######################################################################################################################################################
[2025-06-25 10:03:44,952][root][INFO] - #########################                                                                                                    #########################
[2025-06-25 10:03:44,952][root][INFO] -                                                        Train categorical and numerical scalers                                                        
[2025-06-25 10:03:44,952][root][INFO] - #########################                                                                                                    #########################
[2025-06-25 10:03:44,952][root][INFO] - ######################################################################################################################################################
[2025-06-25 10:03:44,952][root][INFO] - 

[2025-06-25 10:03:44,952][root][INFO] - ######################################################################################################################################################
[2025-06-25 10:03:44,953][root][INFO] - ###################################                                                                                ###################################
[2025-06-25 10:03:44,953][root][INFO] -                                                                  Creating data loader                                                                 
[2025-06-25 10:03:44,953][root][INFO] - ###################################                                                                                ###################################
[2025-06-25 10:03:44,953][root][INFO] - ######################################################################################################################################################
[2025-06-25 10:03:44,997][root][INFO] - 

[2025-06-25 10:03:44,998][root][INFO] - ######################################################################################################################################################
[2025-06-25 10:03:44,998][root][INFO] - ###################################                                                                                ###################################
[2025-06-25 10:03:44,998][root][INFO] -                                                                  Creating data loader                                                                 
[2025-06-25 10:03:44,998][root][INFO] - ###################################                                                                                ###################################
[2025-06-25 10:03:44,998][root][INFO] - ######################################################################################################################################################
[2025-06-25 10:03:45,006][root][INFO] - 

[2025-06-25 10:03:45,006][root][INFO] - ######################################################################################################################################################
[2025-06-25 10:03:45,006][root][INFO] - ###################################                                                                                ###################################
[2025-06-25 10:03:45,006][root][INFO] -                                                                  Creating data loader                                                                 
[2025-06-25 10:03:45,006][root][INFO] - ###################################                                                                                ###################################
[2025-06-25 10:03:45,006][root][INFO] - ######################################################################################################################################################
[2025-06-25 10:03:45,022][root][INFO] -                                                                    Device used: cpu                                                                   
[2025-06-25 10:04:00,637][root][INFO] -                                                                      Scaling back                                                                     
[2025-06-25 10:04:01,474][root][INFO] -     lag           MSE           variable        MAPE
0     1  1.104042e+09  ElectricWConsumed  393.414448
1     2  1.224994e+09  ElectricWConsumed  370.437998
2     3  1.276618e+09  ElectricWConsumed  387.998926
3     4  1.512054e+09  ElectricWConsumed  418.697580
4     5  1.557258e+09  ElectricWConsumed  437.595580
5     6  1.694785e+09  ElectricWConsumed  445.352538
6     7  1.834186e+09  ElectricWConsumed  462.075059
7     8  1.810231e+09  ElectricWConsumed  464.352739
8     9  1.800745e+09  ElectricWConsumed  425.727670
9    10  1.799837e+09  ElectricWConsumed  462.814797
10   11  1.768071e+09  ElectricWConsumed  453.304510
11   12  1.899608e+09  ElectricWConsumed  523.177992
12   13  1.883292e+09  ElectricWConsumed  483.992794
13   14  1.962403e+09  ElectricWConsumed  477.159046
14   15  1.985682e+09  ElectricWConsumed  475.685528
15   16  1.955294e+09  ElectricWConsumed  465.815675
16   17  1.974949e+09  ElectricWConsumed  484.839380
17   18  1.955895e+09  ElectricWConsumed  508.468313
18   19  1.902657e+09  ElectricWConsumed  471.733257
19   20  1.914272e+09  ElectricWConsumed  496.831026
20   21  1.987160e+09  ElectricWConsumed  544.363127
21   22  2.038585e+09  ElectricWConsumed  549.164030
22   23  2.167047e+09  ElectricWConsumed  571.529867
23   24  2.292382e+09  ElectricWConsumed  568.098906
[2025-06-25 10:04:01,514][root][INFO] - 

[2025-06-25 10:04:01,514][root][INFO] - ######################################################################################################################################################
[2025-06-25 10:04:01,515][root][INFO] - #########                                                                                                                                    #########
[2025-06-25 10:04:01,515][root][INFO] -                                        Processing file: config_incube_electricity/config_used/ttm_incube_1.yaml                                       
[2025-06-25 10:04:01,515][root][INFO] - #########                                                                                                                                    #########
[2025-06-25 10:04:01,515][root][INFO] - ######################################################################################################################################################
[2025-06-25 10:04:01,549][root][INFO] - 

[2025-06-25 10:04:01,549][root][INFO] - ######################################################################################################################################################
[2025-06-25 10:04:01,549][root][INFO] -                                                                PROCESSING ttm_incube_1                                                                
[2025-06-25 10:04:01,550][root][INFO] - ######################################################################################################################################################
[2025-06-25 10:04:01,740][root][INFO] - 

[2025-06-25 10:04:01,740][root][INFO] - ######################################################################################################################################################
[2025-06-25 10:04:01,741][root][INFO] -                                                        I will drop duplicates, I dont like them                                                       
[2025-06-25 10:04:01,741][root][INFO] - ######################################################################################################################################################
[2025-06-25 10:04:01,743][root][INFO] -                I will update past column adding all target columns, if you want to avoid this beahviour please use check_pass as false                
[2025-06-25 10:04:01,744][root][INFO] - 

[2025-06-25 10:04:01,744][root][INFO] - ######################################################################################################################################################
[2025-06-25 10:04:01,744][root][INFO] - ###########################################                                                                ###########################################
[2025-06-25 10:04:01,744][root][INFO] -                                                                          ttm                                                                          
[2025-06-25 10:04:01,744][root][INFO] - ###########################################                                                                ###########################################
[2025-06-25 10:04:01,744][root][INFO] - ######################################################################################################################################################
[2025-06-25 10:04:01,744][root][INFO] -             Model and weights will be placed and read from /home/davide/Documents/WORKSPACE/ExpTS/incube_electricity/weights/ttm/incube/1             
[2025-06-25 10:04:01,746][root][INFO] - 

[2025-06-25 10:04:01,746][root][INFO] - ######################################################################################################################################################
[2025-06-25 10:04:01,746][root][INFO] - #########################################                                                                    #########################################
[2025-06-25 10:04:01,746][root][INFO] -                                                                        Loading                                                                        
[2025-06-25 10:04:01,746][root][INFO] - #########################################                                                                    #########################################
[2025-06-25 10:04:01,746][root][INFO] - ######################################################################################################################################################
[2025-06-25 10:04:01,753][root][INFO] -  Can NOT  handle multivariate output 
Can NOT  handle future covariates
Can NOT  handle categorical covariates
Can NOT  handle Quantile loss function 
[2025-06-25 10:04:01,756][root][INFO] -                              BE SURE TO SETUP split_params:  shift:  ${model_configs.future_steps} BECAUSE IT IS REQUIRED                             
[2025-06-25 10:04:08,133][datasets][INFO] - PyTorch version 2.3.0 available.
[2025-06-25 10:04:09,890][root][INFO] -  Can NOT  handle multivariate output 
Can NOT  handle future covariates
Can NOT  handle categorical covariates
Can NOT  handle Quantile loss function 
[2025-06-25 10:04:09,892][root][INFO] -                              BE SURE TO SETUP split_params:  shift:  ${model_configs.future_steps} BECAUSE IT IS REQUIRED                             
[2025-06-25 10:04:12,251][root][INFO] - 

[2025-06-25 10:04:12,252][root][INFO] - ######################################################################################################################################################
[2025-06-25 10:04:12,252][root][INFO] - ################################                                                                                      ################################
[2025-06-25 10:04:12,252][root][INFO] -                                                               Model successfully loaded                                                               
[2025-06-25 10:04:12,252][root][INFO] - ################################                                                                                      ################################
[2025-06-25 10:04:12,252][root][INFO] - ######################################################################################################################################################
[2025-06-25 10:04:12,252][root][INFO] - 

[2025-06-25 10:04:12,252][root][INFO] - ######################################################################################################################################################
[2025-06-25 10:04:12,252][root][INFO] - ######################                                                                                                          ######################
[2025-06-25 10:04:12,252][root][INFO] -                                                     Inference on a set (train, validation o test)                                                     
[2025-06-25 10:04:12,252][root][INFO] - ######################                                                                                                          ######################
[2025-06-25 10:04:12,253][root][INFO] - ######################################################################################################################################################
[2025-06-25 10:04:12,253][root][INFO] - 

[2025-06-25 10:04:12,253][root][INFO] - ######################################################################################################################################################
[2025-06-25 10:04:12,253][root][INFO] - splitting using train parameters {'perc_train': 0.7, 'perc_valid': 0.1, 'range_train': None, 'range_validation': None, 'range_test': None, 'shift': 0, 'starting_point': None, 'skip_step': 1, 'past_steps': 90, 'future_steps': 24, 'scaler': 'MinMaxScaler()'}
[2025-06-25 10:04:12,253][root][INFO] - ######################################################################################################################################################
[2025-06-25 10:04:12,253][root][INFO] - 

[2025-06-25 10:04:12,253][root][INFO] - ######################################################################################################################################################
[2025-06-25 10:04:12,253][root][INFO] - ###################################                                                                                ###################################
[2025-06-25 10:04:12,253][root][INFO] -                                                                  Splitting for train                                                                  
[2025-06-25 10:04:12,253][root][INFO] - ###################################                                                                                ###################################
[2025-06-25 10:04:12,253][root][INFO] - ######################################################################################################################################################
[2025-06-25 10:04:12,254][root][INFO] - 

[2025-06-25 10:04:12,254][root][INFO] - ######################################################################################################################################################
[2025-06-25 10:04:12,254][root][INFO] -                                               Split temporally using perc_train: 0.7 and perc_valid:0.1                                               
[2025-06-25 10:04:12,254][root][INFO] - ######################################################################################################################################################
[2025-06-25 10:04:12,254][root][INFO] - 

[2025-06-25 10:04:12,254][root][INFO] - ######################################################################################################################################################
[2025-06-25 10:04:12,254][root][INFO] - #########################                                                                                                    #########################
[2025-06-25 10:04:12,254][root][INFO] -                                                        Train categorical and numerical scalers                                                        
[2025-06-25 10:04:12,254][root][INFO] - #########################                                                                                                    #########################
[2025-06-25 10:04:12,254][root][INFO] - ######################################################################################################################################################
[2025-06-25 10:04:12,254][root][INFO] - 

[2025-06-25 10:04:12,254][root][INFO] - ######################################################################################################################################################
[2025-06-25 10:04:12,255][root][INFO] - ###################################                                                                                ###################################
[2025-06-25 10:04:12,255][root][INFO] -                                                                  Creating data loader                                                                 
[2025-06-25 10:04:12,255][root][INFO] - ###################################                                                                                ###################################
[2025-06-25 10:04:12,255][root][INFO] - ######################################################################################################################################################
[2025-06-25 10:04:12,293][root][INFO] - 

[2025-06-25 10:04:12,293][root][INFO] - ######################################################################################################################################################
[2025-06-25 10:04:12,293][root][INFO] - ###################################                                                                                ###################################
[2025-06-25 10:04:12,293][root][INFO] -                                                                  Creating data loader                                                                 
[2025-06-25 10:04:12,293][root][INFO] - ###################################                                                                                ###################################
[2025-06-25 10:04:12,293][root][INFO] - ######################################################################################################################################################
[2025-06-25 10:04:12,302][root][INFO] - 

[2025-06-25 10:04:12,302][root][INFO] - ######################################################################################################################################################
[2025-06-25 10:04:12,302][root][INFO] - ###################################                                                                                ###################################
[2025-06-25 10:04:12,302][root][INFO] -                                                                  Creating data loader                                                                 
[2025-06-25 10:04:12,302][root][INFO] - ###################################                                                                                ###################################
[2025-06-25 10:04:12,302][root][INFO] - ######################################################################################################################################################
[2025-06-25 10:04:12,340][root][INFO] -                                                                    Device used: cpu                                                                   
[2025-06-25 10:04:24,477][root][INFO] -                                                                      Scaling back                                                                     
[2025-06-25 10:04:24,921][root][INFO] -     lag           MSE           variable        MAPE
0     1  5.829935e+08  ElectricWConsumed   94.790022
1     2  7.210985e+08  ElectricWConsumed  113.110898
2     3  8.142050e+08  ElectricWConsumed  133.479259
3     4  8.751860e+08  ElectricWConsumed  149.709455
4     5  8.766051e+08  ElectricWConsumed  168.342242
5     6  8.269486e+08  ElectricWConsumed  164.335376
6     7  7.700046e+08  ElectricWConsumed  163.216202
7     8  7.628220e+08  ElectricWConsumed  170.143665
8     9  7.641656e+08  ElectricWConsumed  182.382515
9    10  8.006228e+08  ElectricWConsumed  184.619803
10   11  7.980300e+08  ElectricWConsumed  187.486933
11   12  7.926705e+08  ElectricWConsumed  182.489693
12   13  7.906383e+08  ElectricWConsumed  184.744709
13   14  7.998811e+08  ElectricWConsumed  194.211964
14   15  8.484949e+08  ElectricWConsumed  205.995330
15   16  8.625966e+08  ElectricWConsumed  214.168929
16   17  8.621698e+08  ElectricWConsumed  204.997203
17   18  7.815036e+08  ElectricWConsumed  194.527992
18   19  7.999889e+08  ElectricWConsumed  192.000791
19   20  8.378822e+08  ElectricWConsumed  184.338266
20   21  8.270266e+08  ElectricWConsumed  181.163695
21   22  7.676589e+08  ElectricWConsumed  185.952764
22   23  7.768846e+08  ElectricWConsumed  190.705775
23   24  8.007355e+08  ElectricWConsumed  198.311613
