[2025-06-23 08:22:13,461][root][INFO] - 

[2025-06-23 08:22:13,461][root][INFO] - ######################################################################################################################################################
[2025-06-23 08:22:13,461][root][INFO] - ####                                                                                                                                              ####
[2025-06-23 08:22:13,462][root][INFO] -                                   Processing file: config_incube_electricity/config_used/itransformer_incube_1.yaml                                   
[2025-06-23 08:22:13,462][root][INFO] - ####                                                                                                                                              ####
[2025-06-23 08:22:13,462][root][INFO] - ######################################################################################################################################################
[2025-06-23 08:22:13,481][root][INFO] - 

[2025-06-23 08:22:13,481][root][INFO] - ######################################################################################################################################################
[2025-06-23 08:22:13,481][root][INFO] -                                                            PROCESSING itransformer_incube_1                                                           
[2025-06-23 08:22:13,481][root][INFO] - ######################################################################################################################################################
[2025-06-23 08:22:13,767][root][INFO] - 

[2025-06-23 08:22:13,768][root][INFO] - ######################################################################################################################################################
[2025-06-23 08:22:13,768][root][INFO] -                                                        I will drop duplicates, I dont like them                                                       
[2025-06-23 08:22:13,768][root][INFO] - ######################################################################################################################################################
[2025-06-23 08:22:13,769][root][INFO] -                I will update past column adding all target columns, if you want to avoid this beahviour please use check_pass as false                
[2025-06-23 08:22:13,771][root][INFO] - 

[2025-06-23 08:22:13,771][root][INFO] - ######################################################################################################################################################
[2025-06-23 08:22:13,771][root][INFO] - #######################################                                                                        #######################################
[2025-06-23 08:22:13,771][root][INFO] -                                                                      itransformer                                                                     
[2025-06-23 08:22:13,771][root][INFO] - #######################################                                                                        #######################################
[2025-06-23 08:22:13,771][root][INFO] - ######################################################################################################################################################
[2025-06-23 08:22:13,771][root][INFO] -         Model and weights will be placed and read from /home/davide/Documents/WORKSPACE/ExpTS/incube_electricity/weights/itransformer/incube/1        
[2025-06-23 08:22:13,772][root][INFO] - 

[2025-06-23 08:22:13,772][root][INFO] - ######################################################################################################################################################
[2025-06-23 08:22:13,773][root][INFO] - #########################################                                                                    #########################################
[2025-06-23 08:22:13,773][root][INFO] -                                                                        Loading                                                                        
[2025-06-23 08:22:13,773][root][INFO] - #########################################                                                                    #########################################
[2025-06-23 08:22:13,773][root][INFO] - ######################################################################################################################################################
[2025-06-23 08:22:13,777][root][INFO] -      Can   handle multivariate output 
Can NOT  handle future covariates
Can   handle categorical covariates
Can   handle Quantile loss function      
[2025-06-23 08:22:13,817][root][INFO] -      Can   handle multivariate output 
Can NOT  handle future covariates
Can   handle categorical covariates
Can   handle Quantile loss function      
[2025-06-23 08:22:13,826][root][INFO] - 

[2025-06-23 08:22:13,826][root][INFO] - ######################################################################################################################################################
[2025-06-23 08:22:13,826][root][INFO] - ################################                                                                                      ################################
[2025-06-23 08:22:13,826][root][INFO] -                                                               Model successfully loaded                                                               
[2025-06-23 08:22:13,826][root][INFO] - ################################                                                                                      ################################
[2025-06-23 08:22:13,826][root][INFO] - ######################################################################################################################################################
[2025-06-23 08:22:13,827][root][INFO] - 

[2025-06-23 08:22:13,827][root][INFO] - ######################################################################################################################################################
[2025-06-23 08:22:13,827][root][INFO] - ######################                                                                                                          ######################
[2025-06-23 08:22:13,827][root][INFO] -                                                     Inference on a set (train, validation o test)                                                     
[2025-06-23 08:22:13,827][root][INFO] - ######################                                                                                                          ######################
[2025-06-23 08:22:13,827][root][INFO] - ######################################################################################################################################################
[2025-06-23 08:22:13,827][root][INFO] - 

[2025-06-23 08:22:13,827][root][INFO] - ######################################################################################################################################################
[2025-06-23 08:22:13,827][root][INFO] - splitting using train parameters {'perc_train': 0.7, 'perc_valid': 0.1, 'range_train': None, 'range_validation': None, 'range_test': None, 'shift': 0, 'starting_point': None, 'skip_step': 1, 'past_steps': 90, 'future_steps': 24, 'scaler': 'MinMaxScaler()'}
[2025-06-23 08:22:13,827][root][INFO] - ######################################################################################################################################################
[2025-06-23 08:22:13,828][root][INFO] - 

[2025-06-23 08:22:13,828][root][INFO] - ######################################################################################################################################################
[2025-06-23 08:22:13,828][root][INFO] - ###################################                                                                                ###################################
[2025-06-23 08:22:13,828][root][INFO] -                                                                  Splitting for train                                                                  
[2025-06-23 08:22:13,828][root][INFO] - ###################################                                                                                ###################################
[2025-06-23 08:22:13,828][root][INFO] - ######################################################################################################################################################
[2025-06-23 08:22:13,828][root][INFO] - 

[2025-06-23 08:22:13,828][root][INFO] - ######################################################################################################################################################
[2025-06-23 08:22:13,828][root][INFO] -                                               Split temporally using perc_train: 0.7 and perc_valid:0.1                                               
[2025-06-23 08:22:13,828][root][INFO] - ######################################################################################################################################################
[2025-06-23 08:22:13,829][root][INFO] - 

[2025-06-23 08:22:13,829][root][INFO] - ######################################################################################################################################################
[2025-06-23 08:22:13,829][root][INFO] - #########################                                                                                                    #########################
[2025-06-23 08:22:13,829][root][INFO] -                                                        Train categorical and numerical scalers                                                        
[2025-06-23 08:22:13,829][root][INFO] - #########################                                                                                                    #########################
[2025-06-23 08:22:13,829][root][INFO] - ######################################################################################################################################################
[2025-06-23 08:22:13,829][root][INFO] - 

[2025-06-23 08:22:13,829][root][INFO] - ######################################################################################################################################################
[2025-06-23 08:22:13,829][root][INFO] - ###################################                                                                                ###################################
[2025-06-23 08:22:13,829][root][INFO] -                                                                  Creating data loader                                                                 
[2025-06-23 08:22:13,829][root][INFO] - ###################################                                                                                ###################################
[2025-06-23 08:22:13,829][root][INFO] - ######################################################################################################################################################
[2025-06-23 08:22:13,871][root][INFO] - 

[2025-06-23 08:22:13,871][root][INFO] - ######################################################################################################################################################
[2025-06-23 08:22:13,871][root][INFO] - ###################################                                                                                ###################################
[2025-06-23 08:22:13,871][root][INFO] -                                                                  Creating data loader                                                                 
[2025-06-23 08:22:13,871][root][INFO] - ###################################                                                                                ###################################
[2025-06-23 08:22:13,871][root][INFO] - ######################################################################################################################################################
[2025-06-23 08:22:13,880][root][INFO] - 

[2025-06-23 08:22:13,880][root][INFO] - ######################################################################################################################################################
[2025-06-23 08:22:13,880][root][INFO] - ###################################                                                                                ###################################
[2025-06-23 08:22:13,880][root][INFO] -                                                                  Creating data loader                                                                 
[2025-06-23 08:22:13,880][root][INFO] - ###################################                                                                                ###################################
[2025-06-23 08:22:13,880][root][INFO] - ######################################################################################################################################################
[2025-06-23 08:22:13,896][root][INFO] -                                                                    Device used: cpu                                                                   
[2025-06-23 08:22:27,252][root][INFO] -                                                                      Scaling back                                                                     
[2025-06-23 08:22:27,800][root][INFO] -     lag           MSE           variable        MAPE
0     1  1.217215e+09  ElectricWConsumed  341.576333
1     2  1.685033e+09  ElectricWConsumed  427.070225
2     3  1.883366e+09  ElectricWConsumed  495.914816
3     4  2.085680e+09  ElectricWConsumed  530.479962
4     5  2.197180e+09  ElectricWConsumed  498.211491
5     6  2.433548e+09  ElectricWConsumed  511.388218
6     7  2.533307e+09  ElectricWConsumed  503.653054
7     8  2.485701e+09  ElectricWConsumed  480.363996
8     9  2.484466e+09  ElectricWConsumed  499.688910
9    10  2.418942e+09  ElectricWConsumed  488.012238
10   11  2.400386e+09  ElectricWConsumed  486.188409
11   12  2.412471e+09  ElectricWConsumed  483.363118
12   13  2.418893e+09  ElectricWConsumed  482.154482
13   14  2.449945e+09  ElectricWConsumed  489.038741
14   15  2.424939e+09  ElectricWConsumed  463.286241
15   16  2.422003e+09  ElectricWConsumed  451.242404
16   17  2.464153e+09  ElectricWConsumed  445.857651
17   18  2.474687e+09  ElectricWConsumed  446.337657
18   19  2.449127e+09  ElectricWConsumed  445.762253
19   20  2.385135e+09  ElectricWConsumed  435.799536
20   21  2.435590e+09  ElectricWConsumed  435.021994
21   22  2.488842e+09  ElectricWConsumed  408.959117
22   23  2.570376e+09  ElectricWConsumed  402.454768
23   24  2.664233e+09  ElectricWConsumed  437.460951
[2025-06-23 08:22:27,832][root][INFO] - 

[2025-06-23 08:22:27,832][root][INFO] - ######################################################################################################################################################
[2025-06-23 08:22:27,832][root][INFO] - #########                                                                                                                                    #########
[2025-06-23 08:22:27,832][root][INFO] -                                        Processing file: config_incube_electricity/config_used/ttm_incube_1.yaml                                       
[2025-06-23 08:22:27,832][root][INFO] - #########                                                                                                                                    #########
[2025-06-23 08:22:27,832][root][INFO] - ######################################################################################################################################################
[2025-06-23 08:22:27,859][root][INFO] - 

[2025-06-23 08:22:27,859][root][INFO] - ######################################################################################################################################################
[2025-06-23 08:22:27,860][root][INFO] -                                                                PROCESSING ttm_incube_1                                                                
[2025-06-23 08:22:27,860][root][INFO] - ######################################################################################################################################################
[2025-06-23 08:22:28,017][root][INFO] - 

[2025-06-23 08:22:28,018][root][INFO] - ######################################################################################################################################################
[2025-06-23 08:22:28,018][root][INFO] -                                                        I will drop duplicates, I dont like them                                                       
[2025-06-23 08:22:28,018][root][INFO] - ######################################################################################################################################################
[2025-06-23 08:22:28,019][root][INFO] -                I will update past column adding all target columns, if you want to avoid this beahviour please use check_pass as false                
[2025-06-23 08:22:28,020][root][INFO] - 

[2025-06-23 08:22:28,020][root][INFO] - ######################################################################################################################################################
[2025-06-23 08:22:28,021][root][INFO] - ###########################################                                                                ###########################################
[2025-06-23 08:22:28,021][root][INFO] -                                                                          ttm                                                                          
[2025-06-23 08:22:28,021][root][INFO] - ###########################################                                                                ###########################################
[2025-06-23 08:22:28,021][root][INFO] - ######################################################################################################################################################
[2025-06-23 08:22:28,021][root][INFO] -             Model and weights will be placed and read from /home/davide/Documents/WORKSPACE/ExpTS/incube_electricity/weights/ttm/incube/1             
[2025-06-23 08:22:31,625][root][INFO] - 

[2025-06-23 08:22:31,625][root][INFO] - ######################################################################################################################################################
[2025-06-23 08:22:31,625][root][INFO] - #########################################                                                                    #########################################
[2025-06-23 08:22:31,625][root][INFO] -                                                                        Loading                                                                        
[2025-06-23 08:22:31,625][root][INFO] - #########################################                                                                    #########################################
[2025-06-23 08:22:31,626][root][INFO] - ######################################################################################################################################################
[2025-06-23 08:22:31,631][root][INFO] -  Can NOT  handle multivariate output 
Can NOT  handle future covariates
Can NOT  handle categorical covariates
Can NOT  handle Quantile loss function 
[2025-06-23 08:22:31,633][root][INFO] -                              BE SURE TO SETUP split_params:  shift:  ${model_configs.future_steps} BECAUSE IT IS REQUIRED                             
[2025-06-23 08:22:33,036][datasets][INFO] - PyTorch version 2.3.0 available.
[2025-06-23 08:22:34,554][root][INFO] -  Can NOT  handle multivariate output 
Can NOT  handle future covariates
Can NOT  handle categorical covariates
Can NOT  handle Quantile loss function 
[2025-06-23 08:22:34,556][root][INFO] -                              BE SURE TO SETUP split_params:  shift:  ${model_configs.future_steps} BECAUSE IT IS REQUIRED                             
[2025-06-23 08:22:37,900][root][INFO] - 

[2025-06-23 08:22:37,900][root][INFO] - ######################################################################################################################################################
[2025-06-23 08:22:37,900][root][INFO] - ################################                                                                                      ################################
[2025-06-23 08:22:37,900][root][INFO] -                                                               Model successfully loaded                                                               
[2025-06-23 08:22:37,900][root][INFO] - ################################                                                                                      ################################
[2025-06-23 08:22:37,900][root][INFO] - ######################################################################################################################################################
[2025-06-23 08:22:37,901][root][INFO] - 

[2025-06-23 08:22:37,901][root][INFO] - ######################################################################################################################################################
[2025-06-23 08:22:37,901][root][INFO] - ######################                                                                                                          ######################
[2025-06-23 08:22:37,901][root][INFO] -                                                     Inference on a set (train, validation o test)                                                     
[2025-06-23 08:22:37,901][root][INFO] - ######################                                                                                                          ######################
[2025-06-23 08:22:37,901][root][INFO] - ######################################################################################################################################################
[2025-06-23 08:22:37,901][root][INFO] - 

[2025-06-23 08:22:37,901][root][INFO] - ######################################################################################################################################################
[2025-06-23 08:22:37,901][root][INFO] - splitting using train parameters {'perc_train': 0.7, 'perc_valid': 0.1, 'range_train': None, 'range_validation': None, 'range_test': None, 'shift': 0, 'starting_point': None, 'skip_step': 1, 'past_steps': 90, 'future_steps': 24, 'scaler': 'MinMaxScaler()'}
[2025-06-23 08:22:37,901][root][INFO] - ######################################################################################################################################################
[2025-06-23 08:22:37,901][root][INFO] - 

[2025-06-23 08:22:37,901][root][INFO] - ######################################################################################################################################################
[2025-06-23 08:22:37,901][root][INFO] - ###################################                                                                                ###################################
[2025-06-23 08:22:37,901][root][INFO] -                                                                  Splitting for train                                                                  
[2025-06-23 08:22:37,901][root][INFO] - ###################################                                                                                ###################################
[2025-06-23 08:22:37,902][root][INFO] - ######################################################################################################################################################
[2025-06-23 08:22:37,902][root][INFO] - 

[2025-06-23 08:22:37,902][root][INFO] - ######################################################################################################################################################
[2025-06-23 08:22:37,902][root][INFO] -                                               Split temporally using perc_train: 0.7 and perc_valid:0.1                                               
[2025-06-23 08:22:37,902][root][INFO] - ######################################################################################################################################################
[2025-06-23 08:22:37,902][root][INFO] - 

[2025-06-23 08:22:37,902][root][INFO] - ######################################################################################################################################################
[2025-06-23 08:22:37,902][root][INFO] - #########################                                                                                                    #########################
[2025-06-23 08:22:37,902][root][INFO] -                                                        Train categorical and numerical scalers                                                        
[2025-06-23 08:22:37,902][root][INFO] - #########################                                                                                                    #########################
[2025-06-23 08:22:37,902][root][INFO] - ######################################################################################################################################################
[2025-06-23 08:22:37,902][root][INFO] - 

[2025-06-23 08:22:37,902][root][INFO] - ######################################################################################################################################################
[2025-06-23 08:22:37,902][root][INFO] - ###################################                                                                                ###################################
[2025-06-23 08:22:37,902][root][INFO] -                                                                  Creating data loader                                                                 
[2025-06-23 08:22:37,902][root][INFO] - ###################################                                                                                ###################################
[2025-06-23 08:22:37,903][root][INFO] - ######################################################################################################################################################
[2025-06-23 08:22:37,940][root][INFO] - 

[2025-06-23 08:22:37,941][root][INFO] - ######################################################################################################################################################
[2025-06-23 08:22:37,941][root][INFO] - ###################################                                                                                ###################################
[2025-06-23 08:22:37,941][root][INFO] -                                                                  Creating data loader                                                                 
[2025-06-23 08:22:37,941][root][INFO] - ###################################                                                                                ###################################
[2025-06-23 08:22:37,941][root][INFO] - ######################################################################################################################################################
[2025-06-23 08:22:37,949][root][INFO] - 

[2025-06-23 08:22:37,949][root][INFO] - ######################################################################################################################################################
[2025-06-23 08:22:37,949][root][INFO] - ###################################                                                                                ###################################
[2025-06-23 08:22:37,949][root][INFO] -                                                                  Creating data loader                                                                 
[2025-06-23 08:22:37,949][root][INFO] - ###################################                                                                                ###################################
[2025-06-23 08:22:37,949][root][INFO] - ######################################################################################################################################################
[2025-06-23 08:22:37,985][root][INFO] -                                                                    Device used: cpu                                                                   
[2025-06-23 08:22:50,336][root][INFO] -                                                                      Scaling back                                                                     
[2025-06-23 08:22:50,774][root][INFO] -     lag           MSE           variable        MAPE
0     1  5.757101e+08  ElectricWConsumed  184.863954
1     2  6.987682e+08  ElectricWConsumed  207.112541
2     3  7.916552e+08  ElectricWConsumed  213.445439
3     4  8.332903e+08  ElectricWConsumed  222.769740
4     5  8.145574e+08  ElectricWConsumed  235.637552
5     6  7.635728e+08  ElectricWConsumed  234.958144
6     7  7.931243e+08  ElectricWConsumed  235.906579
7     8  7.988051e+08  ElectricWConsumed  244.003290
8     9  7.958210e+08  ElectricWConsumed  239.774240
9    10  7.848099e+08  ElectricWConsumed  243.709853
10   11  7.573416e+08  ElectricWConsumed  239.842553
11   12  8.046583e+08  ElectricWConsumed  238.622447
12   13  7.583814e+08  ElectricWConsumed  234.920412
13   14  7.919516e+08  ElectricWConsumed  239.011235
14   15  8.153862e+08  ElectricWConsumed  246.544795
15   16  7.728337e+08  ElectricWConsumed  240.334641
16   17  7.783476e+08  ElectricWConsumed  240.826406
17   18  7.790270e+08  ElectricWConsumed  234.752273
18   19  7.840622e+08  ElectricWConsumed  246.047647
19   20  8.048535e+08  ElectricWConsumed  252.091775
20   21  8.132695e+08  ElectricWConsumed  244.024685
21   22  7.955479e+08  ElectricWConsumed  238.318428
22   23  7.926300e+08  ElectricWConsumed  245.286624
23   24  7.825394e+08  ElectricWConsumed  231.576557
