[2025-06-25 09:44:10,391][root][INFO] - 

[2025-06-25 09:44:10,391][root][INFO] - ######################################################################################################################################################
[2025-06-25 09:44:10,391][root][INFO] - ####                                                                                                                                              ####
[2025-06-25 09:44:10,391][root][INFO] -                                   Processing file: config_incube_electricity/config_used/itransformer_incube_1.yaml                                   
[2025-06-25 09:44:10,391][root][INFO] - ####                                                                                                                                              ####
[2025-06-25 09:44:10,391][root][INFO] - ######################################################################################################################################################
[2025-06-25 09:44:10,410][root][INFO] - 

[2025-06-25 09:44:10,410][root][INFO] - ######################################################################################################################################################
[2025-06-25 09:44:10,410][root][INFO] -                                                            PROCESSING itransformer_incube_1                                                           
[2025-06-25 09:44:10,411][root][INFO] - ######################################################################################################################################################
[2025-06-25 09:44:10,691][root][INFO] - 

[2025-06-25 09:44:10,691][root][INFO] - ######################################################################################################################################################
[2025-06-25 09:44:10,691][root][INFO] -                                                        I will drop duplicates, I dont like them                                                       
[2025-06-25 09:44:10,691][root][INFO] - ######################################################################################################################################################
[2025-06-25 09:44:10,693][root][INFO] -                I will update past column adding all target columns, if you want to avoid this beahviour please use check_pass as false                
[2025-06-25 09:44:10,694][root][INFO] - 

[2025-06-25 09:44:10,695][root][INFO] - ######################################################################################################################################################
[2025-06-25 09:44:10,695][root][INFO] - #######################################                                                                        #######################################
[2025-06-25 09:44:10,695][root][INFO] -                                                                      itransformer                                                                     
[2025-06-25 09:44:10,695][root][INFO] - #######################################                                                                        #######################################
[2025-06-25 09:44:10,695][root][INFO] - ######################################################################################################################################################
[2025-06-25 09:44:10,695][root][INFO] -         Model and weights will be placed and read from /home/davide/Documents/WORKSPACE/ExpTS/incube_electricity/weights/itransformer/incube/1        
[2025-06-25 09:44:10,696][root][INFO] - 

[2025-06-25 09:44:10,696][root][INFO] - ######################################################################################################################################################
[2025-06-25 09:44:10,696][root][INFO] - #########################################                                                                    #########################################
[2025-06-25 09:44:10,696][root][INFO] -                                                                        Loading                                                                        
[2025-06-25 09:44:10,696][root][INFO] - #########################################                                                                    #########################################
[2025-06-25 09:44:10,696][root][INFO] - ######################################################################################################################################################
[2025-06-25 09:44:10,700][root][INFO] -      Can   handle multivariate output 
Can NOT  handle future covariates
Can   handle categorical covariates
Can   handle Quantile loss function      
[2025-06-25 09:44:10,739][root][INFO] -      Can   handle multivariate output 
Can NOT  handle future covariates
Can   handle categorical covariates
Can   handle Quantile loss function      
[2025-06-25 09:44:10,748][root][INFO] - 

[2025-06-25 09:44:10,748][root][INFO] - ######################################################################################################################################################
[2025-06-25 09:44:10,748][root][INFO] - ################################                                                                                      ################################
[2025-06-25 09:44:10,748][root][INFO] -                                                               Model successfully loaded                                                               
[2025-06-25 09:44:10,748][root][INFO] - ################################                                                                                      ################################
[2025-06-25 09:44:10,748][root][INFO] - ######################################################################################################################################################
[2025-06-25 09:44:10,749][root][INFO] - 

[2025-06-25 09:44:10,749][root][INFO] - ######################################################################################################################################################
[2025-06-25 09:44:10,749][root][INFO] - ######################                                                                                                          ######################
[2025-06-25 09:44:10,749][root][INFO] -                                                     Inference on a set (train, validation o test)                                                     
[2025-06-25 09:44:10,749][root][INFO] - ######################                                                                                                          ######################
[2025-06-25 09:44:10,749][root][INFO] - ######################################################################################################################################################
[2025-06-25 09:44:10,749][root][INFO] - 

[2025-06-25 09:44:10,749][root][INFO] - ######################################################################################################################################################
[2025-06-25 09:44:10,749][root][INFO] - splitting using train parameters {'perc_train': 0.7, 'perc_valid': 0.1, 'range_train': None, 'range_validation': None, 'range_test': None, 'shift': 0, 'starting_point': None, 'skip_step': 1, 'past_steps': 90, 'future_steps': 24, 'scaler': 'MinMaxScaler()'}
[2025-06-25 09:44:10,749][root][INFO] - ######################################################################################################################################################
[2025-06-25 09:44:10,750][root][INFO] - 

[2025-06-25 09:44:10,750][root][INFO] - ######################################################################################################################################################
[2025-06-25 09:44:10,750][root][INFO] - ###################################                                                                                ###################################
[2025-06-25 09:44:10,750][root][INFO] -                                                                  Splitting for train                                                                  
[2025-06-25 09:44:10,750][root][INFO] - ###################################                                                                                ###################################
[2025-06-25 09:44:10,750][root][INFO] - ######################################################################################################################################################
[2025-06-25 09:44:10,750][root][INFO] - 

[2025-06-25 09:44:10,750][root][INFO] - ######################################################################################################################################################
[2025-06-25 09:44:10,750][root][INFO] -                                               Split temporally using perc_train: 0.7 and perc_valid:0.1                                               
[2025-06-25 09:44:10,750][root][INFO] - ######################################################################################################################################################
[2025-06-25 09:44:10,750][root][INFO] - 

[2025-06-25 09:44:10,750][root][INFO] - ######################################################################################################################################################
[2025-06-25 09:44:10,750][root][INFO] - #########################                                                                                                    #########################
[2025-06-25 09:44:10,750][root][INFO] -                                                        Train categorical and numerical scalers                                                        
[2025-06-25 09:44:10,750][root][INFO] - #########################                                                                                                    #########################
[2025-06-25 09:44:10,751][root][INFO] - ######################################################################################################################################################
[2025-06-25 09:44:10,751][root][INFO] - 

[2025-06-25 09:44:10,751][root][INFO] - ######################################################################################################################################################
[2025-06-25 09:44:10,751][root][INFO] - ###################################                                                                                ###################################
[2025-06-25 09:44:10,751][root][INFO] -                                                                  Creating data loader                                                                 
[2025-06-25 09:44:10,751][root][INFO] - ###################################                                                                                ###################################
[2025-06-25 09:44:10,751][root][INFO] - ######################################################################################################################################################
[2025-06-25 09:44:10,798][root][INFO] - 

[2025-06-25 09:44:10,798][root][INFO] - ######################################################################################################################################################
[2025-06-25 09:44:10,799][root][INFO] - ###################################                                                                                ###################################
[2025-06-25 09:44:10,799][root][INFO] -                                                                  Creating data loader                                                                 
[2025-06-25 09:44:10,799][root][INFO] - ###################################                                                                                ###################################
[2025-06-25 09:44:10,799][root][INFO] - ######################################################################################################################################################
[2025-06-25 09:44:10,808][root][INFO] - 

[2025-06-25 09:44:10,808][root][INFO] - ######################################################################################################################################################
[2025-06-25 09:44:10,809][root][INFO] - ###################################                                                                                ###################################
[2025-06-25 09:44:10,809][root][INFO] -                                                                  Creating data loader                                                                 
[2025-06-25 09:44:10,809][root][INFO] - ###################################                                                                                ###################################
[2025-06-25 09:44:10,809][root][INFO] - ######################################################################################################################################################
[2025-06-25 09:44:10,825][root][INFO] -                                                                    Device used: cpu                                                                   
[2025-06-25 09:44:26,640][root][INFO] -                                                                      Scaling back                                                                     
[2025-06-25 09:44:27,317][root][INFO] -     lag           MSE           variable        MAPE
0     1  1.407706e+09  ElectricWConsumed  408.446991
1     2  1.887977e+09  ElectricWConsumed  493.613719
2     3  2.190785e+09  ElectricWConsumed  537.240186
3     4  2.320021e+09  ElectricWConsumed  524.480213
4     5  2.459005e+09  ElectricWConsumed  513.069230
5     6  2.495080e+09  ElectricWConsumed  521.879578
6     7  2.451993e+09  ElectricWConsumed  526.902824
7     8  2.445588e+09  ElectricWConsumed  545.169200
8     9  2.425900e+09  ElectricWConsumed  527.120090
9    10  2.355768e+09  ElectricWConsumed  535.418286
10   11  2.352438e+09  ElectricWConsumed  508.340550
11   12  2.414110e+09  ElectricWConsumed  508.399040
12   13  2.437598e+09  ElectricWConsumed  511.922178
13   14  2.437061e+09  ElectricWConsumed  513.828475
14   15  2.435639e+09  ElectricWConsumed  503.007186
15   16  2.459932e+09  ElectricWConsumed  512.099019
16   17  2.442295e+09  ElectricWConsumed  495.813666
17   18  2.411277e+09  ElectricWConsumed  500.613521
18   19  2.344043e+09  ElectricWConsumed  500.971926
19   20  2.368136e+09  ElectricWConsumed  504.888340
20   21  2.341475e+09  ElectricWConsumed  507.428689
21   22  2.365963e+09  ElectricWConsumed  503.960610
22   23  2.412312e+09  ElectricWConsumed  505.518158
23   24  2.573748e+09  ElectricWConsumed  578.985045
24    1  1.414762e+00                  t    5.481070
25    2  1.590604e+00                  t    5.852664
26    3  1.659462e+00                  t    6.093938
27    4  1.210589e+00                  t    5.081400
28    5  1.204165e+00                  t    5.063122
29    6  1.233232e+00                  t    5.085670
30    7  1.428968e+00                  t    5.410692
31    8  1.411572e+00                  t    5.407209
32    9  1.275709e+00                  t    5.143266
33   10  1.291622e+00                  t    5.211806
34   11  1.176727e+00                  t    4.993144
35   12  1.207590e+00                  t    5.028534
36   13  1.192665e+00                  t    5.001679
37   14  1.264584e+00                  t    5.100722
38   15  1.213849e+00                  t    4.988374
39   16  1.250120e+00                  t    5.103738
40   17  1.281657e+00                  t    5.180893
41   18  1.543196e+00                  t    5.688282
42   19  1.189413e+00                  t    5.002474
43   20  1.158939e+00                  t    4.974270
44   21  1.185943e+00                  t    5.093342
45   22  1.128144e+00                  t    4.883399
46   23  1.227774e+00                  t    5.053689
47   24  1.688615e+00                  t    5.918223
[2025-06-25 09:44:27,367][root][INFO] - 

[2025-06-25 09:44:27,367][root][INFO] - ######################################################################################################################################################
[2025-06-25 09:44:27,368][root][INFO] - #########                                                                                                                                    #########
[2025-06-25 09:44:27,368][root][INFO] -                                        Processing file: config_incube_electricity/config_used/ttm_incube_1.yaml                                       
[2025-06-25 09:44:27,368][root][INFO] - #########                                                                                                                                    #########
[2025-06-25 09:44:27,368][root][INFO] - ######################################################################################################################################################
[2025-06-25 09:44:27,401][root][INFO] - 

[2025-06-25 09:44:27,402][root][INFO] - ######################################################################################################################################################
[2025-06-25 09:44:27,402][root][INFO] -                                                                PROCESSING ttm_incube_1                                                                
[2025-06-25 09:44:27,402][root][INFO] - ######################################################################################################################################################
[2025-06-25 09:44:27,605][root][INFO] - 

[2025-06-25 09:44:27,605][root][INFO] - ######################################################################################################################################################
[2025-06-25 09:44:27,606][root][INFO] -                                                        I will drop duplicates, I dont like them                                                       
[2025-06-25 09:44:27,606][root][INFO] - ######################################################################################################################################################
[2025-06-25 09:44:27,607][root][INFO] -                I will update past column adding all target columns, if you want to avoid this beahviour please use check_pass as false                
[2025-06-25 09:44:27,609][root][INFO] - 

[2025-06-25 09:44:27,609][root][INFO] - ######################################################################################################################################################
[2025-06-25 09:44:27,609][root][INFO] - ###########################################                                                                ###########################################
[2025-06-25 09:44:27,609][root][INFO] -                                                                          ttm                                                                          
[2025-06-25 09:44:27,609][root][INFO] - ###########################################                                                                ###########################################
[2025-06-25 09:44:27,609][root][INFO] - ######################################################################################################################################################
[2025-06-25 09:44:27,609][root][INFO] -             Model and weights will be placed and read from /home/davide/Documents/WORKSPACE/ExpTS/incube_electricity/weights/ttm/incube/1             
[2025-06-25 09:44:27,611][root][INFO] - 

[2025-06-25 09:44:27,611][root][INFO] - ######################################################################################################################################################
[2025-06-25 09:44:27,611][root][INFO] - #########################################                                                                    #########################################
[2025-06-25 09:44:27,611][root][INFO] -                                                                        Loading                                                                        
[2025-06-25 09:44:27,611][root][INFO] - #########################################                                                                    #########################################
[2025-06-25 09:44:27,611][root][INFO] - ######################################################################################################################################################
[2025-06-25 09:44:27,618][root][INFO] -  Can NOT  handle multivariate output 
Can NOT  handle future covariates
Can NOT  handle categorical covariates
Can NOT  handle Quantile loss function 
[2025-06-25 09:44:27,621][root][INFO] -                              BE SURE TO SETUP split_params:  shift:  ${model_configs.future_steps} BECAUSE IT IS REQUIRED                             
[2025-06-25 09:44:40,106][datasets][INFO] - PyTorch version 2.3.0 available.
[2025-06-25 09:44:41,578][root][INFO] -  Can NOT  handle multivariate output 
Can NOT  handle future covariates
Can NOT  handle categorical covariates
Can NOT  handle Quantile loss function 
[2025-06-25 09:44:41,581][root][INFO] -                              BE SURE TO SETUP split_params:  shift:  ${model_configs.future_steps} BECAUSE IT IS REQUIRED                             
[2025-06-25 09:44:46,930][root][INFO] - 

[2025-06-25 09:44:46,930][root][INFO] - ######################################################################################################################################################
[2025-06-25 09:44:46,930][root][INFO] - ################################                                                                                      ################################
[2025-06-25 09:44:46,930][root][INFO] -                                                               Model successfully loaded                                                               
[2025-06-25 09:44:46,930][root][INFO] - ################################                                                                                      ################################
[2025-06-25 09:44:46,930][root][INFO] - ######################################################################################################################################################
[2025-06-25 09:44:46,931][root][INFO] - 

[2025-06-25 09:44:46,931][root][INFO] - ######################################################################################################################################################
[2025-06-25 09:44:46,931][root][INFO] - ######################                                                                                                          ######################
[2025-06-25 09:44:46,931][root][INFO] -                                                     Inference on a set (train, validation o test)                                                     
[2025-06-25 09:44:46,931][root][INFO] - ######################                                                                                                          ######################
[2025-06-25 09:44:46,931][root][INFO] - ######################################################################################################################################################
[2025-06-25 09:44:46,931][root][INFO] - 

[2025-06-25 09:44:46,931][root][INFO] - ######################################################################################################################################################
[2025-06-25 09:44:46,931][root][INFO] - splitting using train parameters {'perc_train': 0.7, 'perc_valid': 0.1, 'range_train': None, 'range_validation': None, 'range_test': None, 'shift': 0, 'starting_point': None, 'skip_step': 1, 'past_steps': 90, 'future_steps': 24, 'scaler': 'MinMaxScaler()'}
[2025-06-25 09:44:46,931][root][INFO] - ######################################################################################################################################################
[2025-06-25 09:44:46,931][root][INFO] - 

[2025-06-25 09:44:46,931][root][INFO] - ######################################################################################################################################################
[2025-06-25 09:44:46,931][root][INFO] - ###################################                                                                                ###################################
[2025-06-25 09:44:46,931][root][INFO] -                                                                  Splitting for train                                                                  
[2025-06-25 09:44:46,932][root][INFO] - ###################################                                                                                ###################################
[2025-06-25 09:44:46,932][root][INFO] - ######################################################################################################################################################
[2025-06-25 09:44:46,932][root][INFO] - 

[2025-06-25 09:44:46,932][root][INFO] - ######################################################################################################################################################
[2025-06-25 09:44:46,932][root][INFO] -                                               Split temporally using perc_train: 0.7 and perc_valid:0.1                                               
[2025-06-25 09:44:46,932][root][INFO] - ######################################################################################################################################################
[2025-06-25 09:44:46,932][root][INFO] - 

[2025-06-25 09:44:46,932][root][INFO] - ######################################################################################################################################################
[2025-06-25 09:44:46,932][root][INFO] - #########################                                                                                                    #########################
[2025-06-25 09:44:46,932][root][INFO] -                                                        Train categorical and numerical scalers                                                        
[2025-06-25 09:44:46,932][root][INFO] - #########################                                                                                                    #########################
[2025-06-25 09:44:46,932][root][INFO] - ######################################################################################################################################################
[2025-06-25 09:44:46,932][root][INFO] - 

[2025-06-25 09:44:46,932][root][INFO] - ######################################################################################################################################################
[2025-06-25 09:44:46,932][root][INFO] - ###################################                                                                                ###################################
[2025-06-25 09:44:46,932][root][INFO] -                                                                  Creating data loader                                                                 
[2025-06-25 09:44:46,932][root][INFO] - ###################################                                                                                ###################################
[2025-06-25 09:44:46,933][root][INFO] - ######################################################################################################################################################
[2025-06-25 09:44:46,973][root][INFO] - 

[2025-06-25 09:44:46,974][root][INFO] - ######################################################################################################################################################
[2025-06-25 09:44:46,974][root][INFO] - ###################################                                                                                ###################################
[2025-06-25 09:44:46,974][root][INFO] -                                                                  Creating data loader                                                                 
[2025-06-25 09:44:46,974][root][INFO] - ###################################                                                                                ###################################
[2025-06-25 09:44:46,974][root][INFO] - ######################################################################################################################################################
[2025-06-25 09:44:46,983][root][INFO] - 

[2025-06-25 09:44:46,983][root][INFO] - ######################################################################################################################################################
[2025-06-25 09:44:46,983][root][INFO] - ###################################                                                                                ###################################
[2025-06-25 09:44:46,983][root][INFO] -                                                                  Creating data loader                                                                 
[2025-06-25 09:44:46,983][root][INFO] - ###################################                                                                                ###################################
[2025-06-25 09:44:46,983][root][INFO] - ######################################################################################################################################################
[2025-06-25 09:44:47,021][root][INFO] -                                                                    Device used: cpu                                                                   
[2025-06-25 09:44:59,885][root][INFO] -                                                                      Scaling back                                                                     
[2025-06-25 09:45:00,354][root][INFO] -     lag           MSE           variable        MAPE
0     1  7.691755e+08  ElectricWConsumed  273.770498
1     2  8.999143e+08  ElectricWConsumed  312.455205
2     3  9.471381e+08  ElectricWConsumed  300.063417
3     4  1.018639e+09  ElectricWConsumed  309.736239
4     5  9.593190e+08  ElectricWConsumed  298.750277
5     6  9.252057e+08  ElectricWConsumed  306.735747
6     7  9.043714e+08  ElectricWConsumed  304.472163
7     8  9.342146e+08  ElectricWConsumed  308.153207
8     9  9.143738e+08  ElectricWConsumed  306.727246
9    10  8.874840e+08  ElectricWConsumed  296.609640
10   11  8.806048e+08  ElectricWConsumed  299.373282
11   12  8.892051e+08  ElectricWConsumed  290.833817
12   13  9.052565e+08  ElectricWConsumed  303.965797
13   14  8.836866e+08  ElectricWConsumed  302.208476
14   15  8.869550e+08  ElectricWConsumed  304.164783
15   16  8.996736e+08  ElectricWConsumed  307.524193
16   17  9.243005e+08  ElectricWConsumed  295.459210
17   18  8.975122e+08  ElectricWConsumed  302.358028
18   19  8.678299e+08  ElectricWConsumed  297.982975
19   20  8.803810e+08  ElectricWConsumed  298.075034
20   21  8.823538e+08  ElectricWConsumed  299.036556
21   22  9.024284e+08  ElectricWConsumed  300.431313
22   23  9.333205e+08  ElectricWConsumed  307.295611
23   24  9.436216e+08  ElectricWConsumed  340.456571
24    1  1.561010e+00                  t    5.819463
25    2  1.581230e+00                  t    5.782908
26    3  1.422406e+00                  t    5.481705
27    4  1.659369e+00                  t    5.837364
28    5  1.360540e+00                  t    5.287946
29    6  1.391162e+00                  t    5.410773
30    7  1.312220e+00                  t    5.214886
31    8  1.792402e+00                  t    6.038428
32    9  1.691825e+00                  t    5.918466
33   10  1.304512e+00                  t    5.245939
34   11  1.379203e+00                  t    5.408186
35   12  1.458808e+00                  t    5.507107
36   13  1.702692e+00                  t    6.111204
37   14  1.411266e+00                  t    5.588016
38   15  1.319043e+00                  t    5.333963
39   16  1.243134e+00                  t    5.117969
40   17  1.223209e+00                  t    5.036775
41   18  1.271394e+00                  t    5.150227
42   19  1.331309e+00                  t    5.306424
43   20  1.394506e+00                  t    5.492642
44   21  1.333696e+00                  t    5.422358
45   22  1.555314e+00                  t    6.038901
46   23  1.656776e+00                  t    5.996631
47   24  1.507436e+00                  t    5.585863
