[2025-06-20 16:32:58,287][root][INFO] - 

[2025-06-20 16:32:58,287][root][INFO] - ######################################################################################################################################################
[2025-06-20 16:32:58,287][root][INFO] - ####                                                                                                                                              ####
[2025-06-20 16:32:58,287][root][INFO] -                                   Processing file: config_incube_electricity/config_used/itransformer_incube_1.yaml                                   
[2025-06-20 16:32:58,287][root][INFO] - ####                                                                                                                                              ####
[2025-06-20 16:32:58,287][root][INFO] - ######################################################################################################################################################
[2025-06-20 16:32:58,305][root][INFO] - 

[2025-06-20 16:32:58,306][root][INFO] - ######################################################################################################################################################
[2025-06-20 16:32:58,306][root][INFO] -                                                            PROCESSING itransformer_incube_1                                                           
[2025-06-20 16:32:58,306][root][INFO] - ######################################################################################################################################################
[2025-06-20 16:32:58,589][root][INFO] - 

[2025-06-20 16:32:58,589][root][INFO] - ######################################################################################################################################################
[2025-06-20 16:32:58,589][root][INFO] -                                                        I will drop duplicates, I dont like them                                                       
[2025-06-20 16:32:58,589][root][INFO] - ######################################################################################################################################################
[2025-06-20 16:32:58,591][root][INFO] -                I will update past column adding all target columns, if you want to avoid this beahviour please use check_pass as false                
[2025-06-20 16:32:58,592][root][INFO] - 

[2025-06-20 16:32:58,592][root][INFO] - ######################################################################################################################################################
[2025-06-20 16:32:58,593][root][INFO] - #######################################                                                                        #######################################
[2025-06-20 16:32:58,593][root][INFO] -                                                                      itransformer                                                                     
[2025-06-20 16:32:58,593][root][INFO] - #######################################                                                                        #######################################
[2025-06-20 16:32:58,593][root][INFO] - ######################################################################################################################################################
[2025-06-20 16:32:58,593][root][INFO] -         Model and weights will be placed and read from /home/davide/Documents/WORKSPACE/ExpTS/incube_electricity/weights/itransformer/incube/1        
[2025-06-20 16:32:58,594][root][INFO] - 

[2025-06-20 16:32:58,594][root][INFO] - ######################################################################################################################################################
[2025-06-20 16:32:58,594][root][INFO] - #########################################                                                                    #########################################
[2025-06-20 16:32:58,594][root][INFO] -                                                                        Loading                                                                        
[2025-06-20 16:32:58,594][root][INFO] - #########################################                                                                    #########################################
[2025-06-20 16:32:58,594][root][INFO] - ######################################################################################################################################################
[2025-06-20 16:32:58,598][root][INFO] -      Can   handle multivariate output 
Can NOT  handle future covariates
Can   handle categorical covariates
Can   handle Quantile loss function      
[2025-06-20 16:32:58,638][root][INFO] -      Can   handle multivariate output 
Can NOT  handle future covariates
Can   handle categorical covariates
Can   handle Quantile loss function      
[2025-06-20 16:32:58,646][root][INFO] - 

[2025-06-20 16:32:58,646][root][INFO] - ######################################################################################################################################################
[2025-06-20 16:32:58,646][root][INFO] - ################################                                                                                      ################################
[2025-06-20 16:32:58,646][root][INFO] -                                                               Model successfully loaded                                                               
[2025-06-20 16:32:58,646][root][INFO] - ################################                                                                                      ################################
[2025-06-20 16:32:58,646][root][INFO] - ######################################################################################################################################################
[2025-06-20 16:32:58,646][root][INFO] - 

[2025-06-20 16:32:58,646][root][INFO] - ######################################################################################################################################################
[2025-06-20 16:32:58,646][root][INFO] - ######################                                                                                                          ######################
[2025-06-20 16:32:58,646][root][INFO] -                                                     Inference on a set (train, validation o test)                                                     
[2025-06-20 16:32:58,647][root][INFO] - ######################                                                                                                          ######################
[2025-06-20 16:32:58,647][root][INFO] - ######################################################################################################################################################
[2025-06-20 16:32:58,647][root][INFO] - 

[2025-06-20 16:32:58,647][root][INFO] - ######################################################################################################################################################
[2025-06-20 16:32:58,647][root][INFO] - splitting using train parameters {'perc_train': 0.7, 'perc_valid': 0.1, 'range_train': None, 'range_validation': None, 'range_test': None, 'shift': 0, 'starting_point': None, 'skip_step': 1, 'past_steps': 90, 'future_steps': 24, 'scaler': 'MinMaxScaler()'}
[2025-06-20 16:32:58,647][root][INFO] - ######################################################################################################################################################
[2025-06-20 16:32:58,647][root][INFO] - 

[2025-06-20 16:32:58,647][root][INFO] - ######################################################################################################################################################
[2025-06-20 16:32:58,647][root][INFO] - ###################################                                                                                ###################################
[2025-06-20 16:32:58,647][root][INFO] -                                                                  Splitting for train                                                                  
[2025-06-20 16:32:58,647][root][INFO] - ###################################                                                                                ###################################
[2025-06-20 16:32:58,647][root][INFO] - ######################################################################################################################################################
[2025-06-20 16:32:58,647][root][INFO] - 

[2025-06-20 16:32:58,648][root][INFO] - ######################################################################################################################################################
[2025-06-20 16:32:58,648][root][INFO] -                                               Split temporally using perc_train: 0.7 and perc_valid:0.1                                               
[2025-06-20 16:32:58,648][root][INFO] - ######################################################################################################################################################
[2025-06-20 16:32:58,648][root][INFO] - 

[2025-06-20 16:32:58,648][root][INFO] - ######################################################################################################################################################
[2025-06-20 16:32:58,648][root][INFO] - #########################                                                                                                    #########################
[2025-06-20 16:32:58,648][root][INFO] -                                                        Train categorical and numerical scalers                                                        
[2025-06-20 16:32:58,648][root][INFO] - #########################                                                                                                    #########################
[2025-06-20 16:32:58,648][root][INFO] - ######################################################################################################################################################
[2025-06-20 16:32:58,648][root][INFO] - 

[2025-06-20 16:32:58,648][root][INFO] - ######################################################################################################################################################
[2025-06-20 16:32:58,648][root][INFO] - ###################################                                                                                ###################################
[2025-06-20 16:32:58,648][root][INFO] -                                                                  Creating data loader                                                                 
[2025-06-20 16:32:58,648][root][INFO] - ###################################                                                                                ###################################
[2025-06-20 16:32:58,648][root][INFO] - ######################################################################################################################################################
[2025-06-20 16:32:58,695][root][INFO] - 

[2025-06-20 16:32:58,695][root][INFO] - ######################################################################################################################################################
[2025-06-20 16:32:58,695][root][INFO] - ###################################                                                                                ###################################
[2025-06-20 16:32:58,695][root][INFO] -                                                                  Creating data loader                                                                 
[2025-06-20 16:32:58,695][root][INFO] - ###################################                                                                                ###################################
[2025-06-20 16:32:58,695][root][INFO] - ######################################################################################################################################################
[2025-06-20 16:32:58,705][root][INFO] - 

[2025-06-20 16:32:58,705][root][INFO] - ######################################################################################################################################################
[2025-06-20 16:32:58,705][root][INFO] - ###################################                                                                                ###################################
[2025-06-20 16:32:58,705][root][INFO] -                                                                  Creating data loader                                                                 
[2025-06-20 16:32:58,705][root][INFO] - ###################################                                                                                ###################################
[2025-06-20 16:32:58,705][root][INFO] - ######################################################################################################################################################
[2025-06-20 16:32:58,722][root][INFO] -                                                                    Device used: cpu                                                                   
[2025-06-20 16:33:11,332][root][INFO] -                                                                      Scaling back                                                                     
[2025-06-20 16:33:11,859][root][INFO] -     lag           MSE           variable        MAPE
0     1  1.312032e+09  ElectricWConsumed  392.468423
1     2  1.719476e+09  ElectricWConsumed  498.038743
2     3  1.969389e+09  ElectricWConsumed  533.233346
3     4  2.187199e+09  ElectricWConsumed  557.669323
4     5  2.309322e+09  ElectricWConsumed  556.737840
5     6  2.438329e+09  ElectricWConsumed  539.789422
6     7  2.454124e+09  ElectricWConsumed  523.547850
7     8  2.446514e+09  ElectricWConsumed  517.014581
8     9  2.472531e+09  ElectricWConsumed  525.306053
9    10  2.431333e+09  ElectricWConsumed  528.842097
10   11  2.417368e+09  ElectricWConsumed  516.711701
11   12  2.348072e+09  ElectricWConsumed  501.017188
12   13  2.357321e+09  ElectricWConsumed  519.084604
13   14  2.350769e+09  ElectricWConsumed  507.197867
14   15  2.360001e+09  ElectricWConsumed  487.517497
15   16  2.394558e+09  ElectricWConsumed  483.980840
16   17  2.444041e+09  ElectricWConsumed  493.904897
17   18  2.424951e+09  ElectricWConsumed  502.464050
18   19  2.400882e+09  ElectricWConsumed  490.057031
19   20  2.381884e+09  ElectricWConsumed  489.048888
20   21  2.373502e+09  ElectricWConsumed  481.805322
21   22  2.404200e+09  ElectricWConsumed  473.493476
22   23  2.475682e+09  ElectricWConsumed  456.800856
23   24  2.559566e+09  ElectricWConsumed  486.092540
24    1  1.703367e+00                  t    5.978503
25    2  2.178111e+00                  t    6.740956
26    3  1.919733e+00                  t    6.329241
27    4  2.633539e+00                  t    7.722581
28    5  2.316307e+00                  t    7.321811
29    6  1.558376e+00                  t    5.929277
30    7  1.548933e+00                  t    5.884265
31    8  1.230493e+00                  t    5.193678
32    9  1.354122e+00                  t    5.515164
33   10  1.709540e+00                  t    6.037256
34   11  1.642914e+00                  t    5.994873
35   12  1.558571e+00                  t    5.820054
36   13  1.555420e+00                  t    5.823119
37   14  1.302531e+00                  t    5.343824
38   15  1.250813e+00                  t    5.318670
39   16  1.304602e+00                  t    5.361147
40   17  1.454200e+00                  t    5.539314
41   18  1.574449e+00                  t    5.731609
42   19  1.236131e+00                  t    5.201803
43   20  1.221363e+00                  t    5.193165
44   21  1.274867e+00                  t    5.336669
45   22  1.308557e+00                  t    5.420614
46   23  1.338681e+00                  t    5.409195
47   24  1.291276e+00                  t    5.249751
[2025-06-20 16:33:11,924][root][INFO] - 

[2025-06-20 16:33:11,924][root][INFO] - ######################################################################################################################################################
[2025-06-20 16:33:11,924][root][INFO] - #########                                                                                                                                    #########
[2025-06-20 16:33:11,924][root][INFO] -                                        Processing file: config_incube_electricity/config_used/ttm_incube_1.yaml                                       
[2025-06-20 16:33:11,924][root][INFO] - #########                                                                                                                                    #########
[2025-06-20 16:33:11,924][root][INFO] - ######################################################################################################################################################
[2025-06-20 16:33:11,949][root][INFO] - 

[2025-06-20 16:33:11,949][root][INFO] - ######################################################################################################################################################
[2025-06-20 16:33:11,949][root][INFO] -                                                                PROCESSING ttm_incube_1                                                                
[2025-06-20 16:33:11,949][root][INFO] - ######################################################################################################################################################
[2025-06-20 16:33:12,093][root][INFO] - 

[2025-06-20 16:33:12,093][root][INFO] - ######################################################################################################################################################
[2025-06-20 16:33:12,093][root][INFO] -                                                        I will drop duplicates, I dont like them                                                       
[2025-06-20 16:33:12,093][root][INFO] - ######################################################################################################################################################
[2025-06-20 16:33:12,095][root][INFO] -                I will update past column adding all target columns, if you want to avoid this beahviour please use check_pass as false                
[2025-06-20 16:33:12,096][root][INFO] - 

[2025-06-20 16:33:12,096][root][INFO] - ######################################################################################################################################################
[2025-06-20 16:33:12,096][root][INFO] - ###########################################                                                                ###########################################
[2025-06-20 16:33:12,096][root][INFO] -                                                                          ttm                                                                          
[2025-06-20 16:33:12,096][root][INFO] - ###########################################                                                                ###########################################
[2025-06-20 16:33:12,096][root][INFO] - ######################################################################################################################################################
[2025-06-20 16:33:12,096][root][INFO] -             Model and weights will be placed and read from /home/davide/Documents/WORKSPACE/ExpTS/incube_electricity/weights/ttm/incube/1             
[2025-06-20 16:34:12,089][root][INFO] - 

[2025-06-20 16:34:12,089][root][INFO] - ######################################################################################################################################################
[2025-06-20 16:34:12,089][root][INFO] - #########################################                                                                    #########################################
[2025-06-20 16:34:12,089][root][INFO] -                                                                        Loading                                                                        
[2025-06-20 16:34:12,089][root][INFO] - #########################################                                                                    #########################################
[2025-06-20 16:34:12,089][root][INFO] - ######################################################################################################################################################
[2025-06-20 16:34:12,095][root][INFO] -  Can NOT  handle multivariate output 
Can NOT  handle future covariates
Can NOT  handle categorical covariates
Can NOT  handle Quantile loss function 
[2025-06-20 16:34:12,097][root][INFO] -                              BE SURE TO SETUP split_params:  shift:  ${model_configs.future_steps} BECAUSE IT IS REQUIRED                             
[2025-06-20 16:34:14,304][datasets][INFO] - PyTorch version 2.3.0 available.
[2025-06-20 16:34:15,725][root][INFO] -  Can NOT  handle multivariate output 
Can NOT  handle future covariates
Can NOT  handle categorical covariates
Can NOT  handle Quantile loss function 
[2025-06-20 16:34:15,727][root][INFO] -                              BE SURE TO SETUP split_params:  shift:  ${model_configs.future_steps} BECAUSE IT IS REQUIRED                             
[2025-06-20 16:34:27,625][root][INFO] - 

[2025-06-20 16:34:27,625][root][INFO] - ######################################################################################################################################################
[2025-06-20 16:34:27,625][root][INFO] - ################################                                                                                      ################################
[2025-06-20 16:34:27,625][root][INFO] -                                                               Model successfully loaded                                                               
[2025-06-20 16:34:27,625][root][INFO] - ################################                                                                                      ################################
[2025-06-20 16:34:27,625][root][INFO] - ######################################################################################################################################################
[2025-06-20 16:34:27,625][root][INFO] - 

[2025-06-20 16:34:27,626][root][INFO] - ######################################################################################################################################################
[2025-06-20 16:34:27,626][root][INFO] - ######################                                                                                                          ######################
[2025-06-20 16:34:27,626][root][INFO] -                                                     Inference on a set (train, validation o test)                                                     
[2025-06-20 16:34:27,626][root][INFO] - ######################                                                                                                          ######################
[2025-06-20 16:34:27,626][root][INFO] - ######################################################################################################################################################
[2025-06-20 16:34:27,626][root][INFO] - 

[2025-06-20 16:34:27,626][root][INFO] - ######################################################################################################################################################
[2025-06-20 16:34:27,626][root][INFO] - splitting using train parameters {'perc_train': 0.7, 'perc_valid': 0.1, 'range_train': None, 'range_validation': None, 'range_test': None, 'shift': 0, 'starting_point': None, 'skip_step': 1, 'past_steps': 90, 'future_steps': 24, 'scaler': 'MinMaxScaler()'}
[2025-06-20 16:34:27,626][root][INFO] - ######################################################################################################################################################
[2025-06-20 16:34:27,626][root][INFO] - 

[2025-06-20 16:34:27,626][root][INFO] - ######################################################################################################################################################
[2025-06-20 16:34:27,626][root][INFO] - ###################################                                                                                ###################################
[2025-06-20 16:34:27,626][root][INFO] -                                                                  Splitting for train                                                                  
[2025-06-20 16:34:27,626][root][INFO] - ###################################                                                                                ###################################
[2025-06-20 16:34:27,627][root][INFO] - ######################################################################################################################################################
[2025-06-20 16:34:27,627][root][INFO] - 

[2025-06-20 16:34:27,627][root][INFO] - ######################################################################################################################################################
[2025-06-20 16:34:27,627][root][INFO] -                                               Split temporally using perc_train: 0.7 and perc_valid:0.1                                               
[2025-06-20 16:34:27,627][root][INFO] - ######################################################################################################################################################
[2025-06-20 16:34:27,627][root][INFO] - 

[2025-06-20 16:34:27,627][root][INFO] - ######################################################################################################################################################
[2025-06-20 16:34:27,627][root][INFO] - #########################                                                                                                    #########################
[2025-06-20 16:34:27,627][root][INFO] -                                                        Train categorical and numerical scalers                                                        
[2025-06-20 16:34:27,627][root][INFO] - #########################                                                                                                    #########################
[2025-06-20 16:34:27,627][root][INFO] - ######################################################################################################################################################
[2025-06-20 16:34:27,627][root][INFO] - 

[2025-06-20 16:34:27,627][root][INFO] - ######################################################################################################################################################
[2025-06-20 16:34:27,627][root][INFO] - ###################################                                                                                ###################################
[2025-06-20 16:34:27,627][root][INFO] -                                                                  Creating data loader                                                                 
[2025-06-20 16:34:27,627][root][INFO] - ###################################                                                                                ###################################
[2025-06-20 16:34:27,628][root][INFO] - ######################################################################################################################################################
[2025-06-20 16:34:27,669][root][INFO] - 

[2025-06-20 16:34:27,669][root][INFO] - ######################################################################################################################################################
[2025-06-20 16:34:27,669][root][INFO] - ###################################                                                                                ###################################
[2025-06-20 16:34:27,669][root][INFO] -                                                                  Creating data loader                                                                 
[2025-06-20 16:34:27,669][root][INFO] - ###################################                                                                                ###################################
[2025-06-20 16:34:27,669][root][INFO] - ######################################################################################################################################################
[2025-06-20 16:34:27,679][root][INFO] - 

[2025-06-20 16:34:27,679][root][INFO] - ######################################################################################################################################################
[2025-06-20 16:34:27,679][root][INFO] - ###################################                                                                                ###################################
[2025-06-20 16:34:27,679][root][INFO] -                                                                  Creating data loader                                                                 
[2025-06-20 16:34:27,679][root][INFO] - ###################################                                                                                ###################################
[2025-06-20 16:34:27,679][root][INFO] - ######################################################################################################################################################
[2025-06-20 16:34:27,716][root][INFO] -                                                                    Device used: cpu                                                                   
[2025-06-20 16:34:40,329][root][INFO] -                                                                      Scaling back                                                                     
[2025-06-20 16:34:40,797][root][INFO] -     lag           MSE           variable        MAPE
0     1  7.470064e+08  ElectricWConsumed  208.157223
1     2  8.289758e+08  ElectricWConsumed  224.115678
2     3  8.054463e+08  ElectricWConsumed  218.567461
3     4  8.493927e+08  ElectricWConsumed  219.259244
4     5  8.880804e+08  ElectricWConsumed  223.599923
5     6  9.234864e+08  ElectricWConsumed  224.283523
6     7  9.011886e+08  ElectricWConsumed  222.012687
7     8  9.241486e+08  ElectricWConsumed  232.737211
8     9  9.353469e+08  ElectricWConsumed  232.288900
9    10  9.535524e+08  ElectricWConsumed  236.871898
10   11  1.025810e+09  ElectricWConsumed  230.717969
11   12  1.150812e+09  ElectricWConsumed  244.367466
12   13  1.204178e+09  ElectricWConsumed  249.568477
13   14  1.341803e+09  ElectricWConsumed  247.089882
14   15  1.426627e+09  ElectricWConsumed  246.380879
15   16  1.430394e+09  ElectricWConsumed  250.116322
16   17  1.396421e+09  ElectricWConsumed  253.775101
17   18  1.315776e+09  ElectricWConsumed  256.343639
18   19  1.257536e+09  ElectricWConsumed  262.398336
19   20  1.249827e+09  ElectricWConsumed  265.266031
20   21  1.258749e+09  ElectricWConsumed  271.564186
21   22  1.214921e+09  ElectricWConsumed  273.268293
22   23  1.144513e+09  ElectricWConsumed  279.003852
23   24  1.067447e+09  ElectricWConsumed  257.003867
24    1  1.423457e+00                  t    5.679738
25    2  1.616246e+00                  t    6.060339
26    3  1.697876e+00                  t    5.954214
27    4  1.705156e+00                  t    5.900992
28    5  1.728545e+00                  t    5.896192
29    6  1.734774e+00                  t    5.923803
30    7  1.670897e+00                  t    5.783070
31    8  1.682841e+00                  t    5.870481
32    9  1.539124e+00                  t    5.713248
33   10  1.442531e+00                  t    5.505464
34   11  1.475898e+00                  t    5.788357
35   12  1.408319e+00                  t    5.477398
36   13  1.384555e+00                  t    5.343849
37   14  1.320557e+00                  t    5.258439
38   15  1.389865e+00                  t    5.464498
39   16  1.482382e+00                  t    5.537918
40   17  1.506546e+00                  t    5.598519
41   18  1.465312e+00                  t    5.543315
42   19  1.387444e+00                  t    5.410846
43   20  1.410052e+00                  t    5.498715
44   21  1.643321e+00                  t    5.837745
45   22  1.588329e+00                  t    5.786450
46   23  1.560317e+00                  t    5.700186
47   24  1.414722e+00                  t    5.436169
